Archive member included to satisfy reference by file (symbol)

c:/ac6/systemworkbench/plugins/fr.ac6.mcu.externaltools.arm-none.win32_1.13.3.201707031232/tools/compiler/bin/../lib/gcc/arm-none-eabi/5.4.1/../../../../arm-none-eabi/lib/armv7-m\libc_nano.a(lib_a-exit.o)
                              c:/ac6/systemworkbench/plugins/fr.ac6.mcu.externaltools.arm-none.win32_1.13.3.201707031232/tools/compiler/bin/../lib/gcc/arm-none-eabi/5.4.1/../../../../arm-none-eabi/lib/armv7-m/crt0.o (exit)
c:/ac6/systemworkbench/plugins/fr.ac6.mcu.externaltools.arm-none.win32_1.13.3.201707031232/tools/compiler/bin/../lib/gcc/arm-none-eabi/5.4.1/../../../../arm-none-eabi/lib/armv7-m\libc_nano.a(lib_a-impure.o)
                              c:/ac6/systemworkbench/plugins/fr.ac6.mcu.externaltools.arm-none.win32_1.13.3.201707031232/tools/compiler/bin/../lib/gcc/arm-none-eabi/5.4.1/../../../../arm-none-eabi/lib/armv7-m\libc_nano.a(lib_a-exit.o) (_global_impure_ptr)
c:/ac6/systemworkbench/plugins/fr.ac6.mcu.externaltools.arm-none.win32_1.13.3.201707031232/tools/compiler/bin/../lib/gcc/arm-none-eabi/5.4.1/../../../../arm-none-eabi/lib/armv7-m\libc_nano.a(lib_a-init.o)
                              c:/ac6/systemworkbench/plugins/fr.ac6.mcu.externaltools.arm-none.win32_1.13.3.201707031232/tools/compiler/bin/../lib/gcc/arm-none-eabi/5.4.1/../../../../arm-none-eabi/lib/armv7-m/crt0.o (__libc_init_array)
c:/ac6/systemworkbench/plugins/fr.ac6.mcu.externaltools.arm-none.win32_1.13.3.201707031232/tools/compiler/bin/../lib/gcc/arm-none-eabi/5.4.1/../../../../arm-none-eabi/lib/armv7-m\libc_nano.a(lib_a-memcpy-stub.o)
                              Src/DpAppl.o (memcpy)
c:/ac6/systemworkbench/plugins/fr.ac6.mcu.externaltools.arm-none.win32_1.13.3.201707031232/tools/compiler/bin/../lib/gcc/arm-none-eabi/5.4.1/../../../../arm-none-eabi/lib/armv7-m\libc_nano.a(lib_a-memset.o)
                              c:/ac6/systemworkbench/plugins/fr.ac6.mcu.externaltools.arm-none.win32_1.13.3.201707031232/tools/compiler/bin/../lib/gcc/arm-none-eabi/5.4.1/../../../../arm-none-eabi/lib/armv7-m/crt0.o (memset)
c:/ac6/systemworkbench/plugins/fr.ac6.mcu.externaltools.arm-none.win32_1.13.3.201707031232/tools/compiler/bin/../lib/gcc/arm-none-eabi/5.4.1/../../../../arm-none-eabi/lib/armv7-m\libnosys.a(_exit.o)
                              c:/ac6/systemworkbench/plugins/fr.ac6.mcu.externaltools.arm-none.win32_1.13.3.201707031232/tools/compiler/bin/../lib/gcc/arm-none-eabi/5.4.1/../../../../arm-none-eabi/lib/armv7-m\libc_nano.a(lib_a-exit.o) (_exit)

Allocating common symbols
Common symbol       size              file

UART1               0x49              Src/DpAppl.o
sDpSystemChannel1   0x150             Src/DpAppl.o
pVpc3Channel1       0x4               Src/DpAppl.o
Vpc3AsicAddress     0x4               Src/DpAppl.o
pFlash              0x20              Drivers/STM32F1xx_HAL_Driver/Src/stm32f1xx_hal_flash.o
hsram1              0x44              Src/fsmc.o
hdma_usart1_tx      0x38              Src/usart.o
hdma_usart1_rx      0x38              Src/usart.o
Profibus_Module1    0x2a              Src/DpAppl.o
huart1              0x40              Src/usart.o
pVpc3               0x4               Src/DpAppl.o
sDpAppl             0x2d4             Src/DpAppl.o
hspi1               0x58              Src/spi.o
sVpc3Error          0x6               Src/DpAppl.o
pDpSystem           0x4               Src/DpAppl.o

Discarded input sections

 .text          0x00000000        0x0 c:/ac6/systemworkbench/plugins/fr.ac6.mcu.externaltools.arm-none.win32_1.13.3.201707031232/tools/compiler/bin/../lib/gcc/arm-none-eabi/5.4.1/armv7-m/crti.o
 .data          0x00000000        0x0 c:/ac6/systemworkbench/plugins/fr.ac6.mcu.externaltools.arm-none.win32_1.13.3.201707031232/tools/compiler/bin/../lib/gcc/arm-none-eabi/5.4.1/armv7-m/crti.o
 .bss           0x00000000        0x0 c:/ac6/systemworkbench/plugins/fr.ac6.mcu.externaltools.arm-none.win32_1.13.3.201707031232/tools/compiler/bin/../lib/gcc/arm-none-eabi/5.4.1/armv7-m/crti.o
 .data          0x00000000        0x4 c:/ac6/systemworkbench/plugins/fr.ac6.mcu.externaltools.arm-none.win32_1.13.3.201707031232/tools/compiler/bin/../lib/gcc/arm-none-eabi/5.4.1/armv7-m/crtbegin.o
 .text          0x00000000       0x74 c:/ac6/systemworkbench/plugins/fr.ac6.mcu.externaltools.arm-none.win32_1.13.3.201707031232/tools/compiler/bin/../lib/gcc/arm-none-eabi/5.4.1/../../../../arm-none-eabi/lib/armv7-m/crt0.o
 .data          0x00000000        0x0 c:/ac6/systemworkbench/plugins/fr.ac6.mcu.externaltools.arm-none.win32_1.13.3.201707031232/tools/compiler/bin/../lib/gcc/arm-none-eabi/5.4.1/../../../../arm-none-eabi/lib/armv7-m/crt0.o
 .bss           0x00000000        0x0 c:/ac6/systemworkbench/plugins/fr.ac6.mcu.externaltools.arm-none.win32_1.13.3.201707031232/tools/compiler/bin/../lib/gcc/arm-none-eabi/5.4.1/../../../../arm-none-eabi/lib/armv7-m/crt0.o
[...]
Memory Configuration

Name             Origin             Length             Attributes
RAM              0x20000000         0x0000c000         xrw
FLASH            0x08000000         0x00040000         xr
*default*        0x00000000         0xffffffff

Linker script and memory map

LOAD c:/ac6/systemworkbench/plugins/fr.ac6.mcu.externaltools.arm-none.win32_1.13.3.201707031232/tools/compiler/bin/../lib/gcc/arm-none-eabi/5.4.1/armv7-m/crti.o
LOAD c:/ac6/systemworkbench/plugins/fr.ac6.mcu.externaltools.arm-none.win32_1.13.3.201707031232/tools/compiler/bin/../lib/gcc/arm-none-eabi/5.4.1/armv7-m/crtbegin.o
LOAD c:/ac6/systemworkbench/plugins/fr.ac6.mcu.externaltools.arm-none.win32_1.13.3.201707031232/tools/compiler/bin/../lib/gcc/arm-none-eabi/5.4.1/../../../../arm-none-eabi/lib/armv7-m/crt0.o
LOAD Drivers/STM32F1xx_HAL_Driver/Src/stm32f1xx_hal.o
LOAD Drivers/STM32F1xx_HAL_Driver/Src/stm32f1xx_hal_cortex.o
LOAD Drivers/STM32F1xx_HAL_Driver/Src/stm32f1xx_hal_dma.o
LOAD Drivers/STM32F1xx_HAL_Driver/Src/stm32f1xx_hal_flash.o
LOAD Drivers/STM32F1xx_HAL_Driver/Src/stm32f1xx_hal_flash_ex.o
LOAD Drivers/STM32F1xx_HAL_Driver/Src/stm32f1xx_hal_gpio.o
LOAD Drivers/STM32F1xx_HAL_Driver/Src/stm32f1xx_hal_gpio_ex.o
LOAD Drivers/STM32F1xx_HAL_Driver/Src/stm32f1xx_hal_pwr.o
LOAD Drivers/STM32F1xx_HAL_Driver/Src/stm32f1xx_hal_rcc.o
LOAD Drivers/STM32F1xx_HAL_Driver/Src/stm32f1xx_hal_rcc_ex.o
LOAD Drivers/STM32F1xx_HAL_Driver/Src/stm32f1xx_hal_spi.o
LOAD Drivers/STM32F1xx_HAL_Driver/Src/stm32f1xx_hal_spi_ex.o
LOAD Drivers/STM32F1xx_HAL_Driver/Src/stm32f1xx_hal_sram.o
LOAD Drivers/STM32F1xx_HAL_Driver/Src/stm32f1xx_hal_tim.o
LOAD Drivers/STM32F1xx_HAL_Driver/Src/stm32f1xx_hal_tim_ex.o
LOAD Drivers/STM32F1xx_HAL_Driver/Src/stm32f1xx_hal_uart.o
LOAD Drivers/STM32F1xx_HAL_Driver/Src/stm32f1xx_ll_fsmc.o
LOAD Src/DpAppl.o
LOAD Src/DpCfg.o
LOAD Src/DpDiag.o
LOAD Src/DpPrm.o
LOAD Src/ISKK.o
LOAD Src/dma.o
LOAD Src/dp_if.o
LOAD Src/dp_isr.o
LOAD Src/fsmc.o
LOAD Src/gpio.o
LOAD Src/main.o
LOAD Src/spi.o
LOAD Src/stm32f1xx_hal_msp.o
LOAD Src/stm32f1xx_it.o
LOAD Src/system_stm32f1xx.o
LOAD Src/usart.o
LOAD startup/startup_stm32f103xe.o
LOAD c:/ac6/systemworkbench/plugins/fr.ac6.mcu.externaltools.arm-none.win32_1.13.3.201707031232/tools/compiler/bin/../lib/gcc/arm-none-eabi/5.4.1/../../../../arm-none-eabi/lib/armv7-m\libm.a
START GROUP
LOAD c:/ac6/systemworkbench/plugins/fr.ac6.mcu.externaltools.arm-none.win32_1.13.3.201707031232/tools/compiler/bin/../lib/gcc/arm-none-eabi/5.4.1/armv7-m\libgcc.a
LOAD c:/ac6/systemworkbench/plugins/fr.ac6.mcu.externaltools.arm-none.win32_1.13.3.201707031232/tools/compiler/bin/../lib/gcc/arm-none-eabi/5.4.1/../../../../arm-none-eabi/lib/armv7-m\libc_nano.a
END GROUP
START GROUP
LOAD c:/ac6/systemworkbench/plugins/fr.ac6.mcu.externaltools.arm-none.win32_1.13.3.201707031232/tools/compiler/bin/../lib/gcc/arm-none-eabi/5.4.1/armv7-m\libgcc.a
LOAD c:/ac6/systemworkbench/plugins/fr.ac6.mcu.externaltools.arm-none.win32_1.13.3.201707031232/tools/compiler/bin/../lib/gcc/arm-none-eabi/5.4.1/../../../../arm-none-eabi/lib/armv7-m\libc_nano.a
LOAD c:/ac6/systemworkbench/plugins/fr.ac6.mcu.externaltools.arm-none.win32_1.13.3.201707031232/tools/compiler/bin/../lib/gcc/arm-none-eabi/5.4.1/../../../../arm-none-eabi/lib/armv7-m\libnosys.a
END GROUP
START GROUP
LOAD c:/ac6/systemworkbench/plugins/fr.ac6.mcu.externaltools.arm-none.win32_1.13.3.201707031232/tools/compiler/bin/../lib/gcc/arm-none-eabi/5.4.1/armv7-m\libgcc.a
LOAD c:/ac6/systemworkbench/plugins/fr.ac6.mcu.externaltools.arm-none.win32_1.13.3.201707031232/tools/compiler/bin/../lib/gcc/arm-none-eabi/5.4.1/../../../../arm-none-eabi/lib/armv7-m\libc_nano.a
LOAD c:/ac6/systemworkbench/plugins/fr.ac6.mcu.externaltools.arm-none.win32_1.13.3.201707031232/tools/compiler/bin/../lib/gcc/arm-none-eabi/5.4.1/../../../../arm-none-eabi/lib/armv7-m\libnosys.a
END GROUP
LOAD c:/ac6/systemworkbench/plugins/fr.ac6.mcu.externaltools.arm-none.win32_1.13.3.201707031232/tools/compiler/bin/../lib/gcc/arm-none-eabi/5.4.1/armv7-m/crtend.o
LOAD c:/ac6/systemworkbench/plugins/fr.ac6.mcu.externaltools.arm-none.win32_1.13.3.201707031232/tools/compiler/bin/../lib/gcc/arm-none-eabi/5.4.1/armv7-m/crtn.o
                0x2000c000                _estack = 0x2000c000
                0x00000200                _Min_Heap_Size = 0x200
                0x00000400                _Min_Stack_Size = 0x400

.isr_vector     0x08000000      0x1e4
                0x08000000                . = ALIGN (0x4)
 *(.isr_vector)
 .isr_vector    0x08000000      0x1e4 startup/startup_stm32f103xe.o
                0x08000000                g_pfnVectors
                0x080001e4                . = ALIGN (0x4)

.text           0x080001e4     0x3cf0
                0x080001e4                . = ALIGN (0x4)
 *(.text)
 .text          0x080001e4       0x5c c:/ac6/systemworkbench/plugins/fr.ac6.mcu.externaltools.arm-none.win32_1.13.3.201707031232/tools/compiler/bin/../lib/gcc/arm-none-eabi/5.4.1/armv7-m/crtbegin.o
 *(.text*)
 .text.HAL_InitTick
                0x08000240       0x28 Drivers/STM32F1xx_HAL_Driver/Src/stm32f1xx_hal.o
                0x08000240                HAL_InitTick
 .text.HAL_Init
                0x08000268       0x24 Drivers/STM32F1xx_HAL_Driver/Src/stm32f1xx_hal.o
                0x08000268                HAL_Init
 .text.HAL_IncTick
                0x0800028c       0x10 Drivers/STM32F1xx_HAL_Driver/Src/stm32f1xx_hal.o
                0x0800028c                HAL_IncTick
 .text.HAL_GetTick
                0x0800029c        0xc Drivers/STM32F1xx_HAL_Driver/Src/stm32f1xx_hal.o
                0x0800029c                HAL_GetTick
 .text.HAL_Delay
                0x080002a8       0x1c Drivers/STM32F1xx_HAL_Driver/Src/stm32f1xx_hal.o
                0x080002a8                HAL_Delay
 .text.HAL_NVIC_SetPriorityGrouping
                0x080002c4       0x24 Drivers/STM32F1xx_HAL_Driver/Src/stm32f1xx_hal_cortex.o
                0x080002c4                HAL_NVIC_SetPriorityGrouping
 .text.HAL_NVIC_SetPriority
                0x080002e8       0x64 Drivers/STM32F1xx_HAL_Driver/Src/stm32f1xx_hal_cortex.o
                0x080002e8                HAL_NVIC_SetPriority
 .text.HAL_NVIC_EnableIRQ
                0x0800034c       0x18 Drivers/STM32F1xx_HAL_Driver/Src/stm32f1xx_hal_cortex.o
                0x0800034c                HAL_NVIC_EnableIRQ
 .text.HAL_SYSTICK_Config
                0x08000364       0x2c Drivers/STM32F1xx_HAL_Driver/Src/stm32f1xx_hal_cortex.o
                0x08000364                HAL_SYSTICK_Config
 .text.HAL_SYSTICK_CLKSourceConfig
                0x08000390       0x20 Drivers/STM32F1xx_HAL_Driver/Src/stm32f1xx_hal_cortex.o
                0x08000390                HAL_SYSTICK_CLKSourceConfig
 .text.HAL_SYSTICK_Callback
                0x080003b0        0x4 Drivers/STM32F1xx_HAL_Driver/Src/stm32f1xx_hal_cortex.o
                0x080003b0                HAL_SYSTICK_Callback
 .text.HAL_SYSTICK_IRQHandler
                0x080003b4        0x8 Drivers/STM32F1xx_HAL_Driver/Src/stm32f1xx_hal_cortex.o
                0x080003b4                HAL_SYSTICK_IRQHandler
 .text.DMA_SetConfig
                0x080003bc       0x24 Drivers/STM32F1xx_HAL_Driver/Src/stm32f1xx_hal_dma.o
 .text.HAL_DMA_Init
                0x080003e0       0x54 Drivers/STM32F1xx_HAL_Driver/Src/stm32f1xx_hal_dma.o
                0x080003e0                HAL_DMA_Init
 .text.HAL_DMA_Start_IT
                0x08000434       0x58 Drivers/STM32F1xx_HAL_Driver/Src/stm32f1xx_hal_dma.o
                0x08000434                HAL_DMA_Start_IT
 .text.HAL_DMA_IRQHandler
                0x0800048c      0x78c Drivers/STM32F1xx_HAL_Driver/Src/stm32f1xx_hal_dma.o
                0x0800048c                HAL_DMA_IRQHandler
 .text.HAL_GPIO_Init
                0x08000c18      0x1ec Drivers/STM32F1xx_HAL_Driver/Src/stm32f1xx_hal_gpio.o
                0x08000c18                HAL_GPIO_Init
 .text.HAL_GPIO_WritePin
                0x08000e04        0xc Drivers/STM32F1xx_HAL_Driver/Src/stm32f1xx_hal_gpio.o
                0x08000e04                HAL_GPIO_WritePin
 .text.HAL_GPIO_TogglePin
                0x08000e10        0x8 Drivers/STM32F1xx_HAL_Driver/Src/stm32f1xx_hal_gpio.o
                0x08000e10                HAL_GPIO_TogglePin
 .text.HAL_GPIO_EXTI_IRQHandler
                0x08000e18       0x18 Drivers/STM32F1xx_HAL_Driver/Src/stm32f1xx_hal_gpio.o
                0x08000e18                HAL_GPIO_EXTI_IRQHandler
 .text.HAL_RCC_OscConfig
                0x08000e30      0x5ec Drivers/STM32F1xx_HAL_Driver/Src/stm32f1xx_hal_rcc.o
                0x08000e30                HAL_RCC_OscConfig
 .text.HAL_RCC_EnableCSS
                0x0800141c       0x1c Drivers/STM32F1xx_HAL_Driver/Src/stm32f1xx_hal_rcc.o
                0x0800141c                HAL_RCC_EnableCSS
 .text.HAL_RCC_GetSysClockFreq
                0x08001438       0x94 Drivers/STM32F1xx_HAL_Driver/Src/stm32f1xx_hal_rcc.o
                0x08001438                HAL_RCC_GetSysClockFreq
 .text.HAL_RCC_ClockConfig
                0x080014cc      0x1e4 Drivers/STM32F1xx_HAL_Driver/Src/stm32f1xx_hal_rcc.o
                0x080014cc                HAL_RCC_ClockConfig
 .text.HAL_RCC_GetHCLKFreq
                0x080016b0        0xc Drivers/STM32F1xx_HAL_Driver/Src/stm32f1xx_hal_rcc.o
                0x080016b0                HAL_RCC_GetHCLKFreq
 .text.HAL_RCC_GetPCLK1Freq
                0x080016bc       0x30 Drivers/STM32F1xx_HAL_Driver/Src/stm32f1xx_hal_rcc.o
                0x080016bc                HAL_RCC_GetPCLK1Freq
 .text.HAL_RCC_GetPCLK2Freq
                0x080016ec       0x30 Drivers/STM32F1xx_HAL_Driver/Src/stm32f1xx_hal_rcc.o
                0x080016ec                HAL_RCC_GetPCLK2Freq
 .text.HAL_RCC_CSSCallback
                0x0800171c        0x4 Drivers/STM32F1xx_HAL_Driver/Src/stm32f1xx_hal_rcc.o
                0x0800171c                HAL_RCC_CSSCallback
 .text.HAL_RCC_NMI_IRQHandler
                0x08001720       0x20 Drivers/STM32F1xx_HAL_Driver/Src/stm32f1xx_hal_rcc.o
                0x08001720                HAL_RCC_NMI_IRQHandler
 .text.HAL_SPI_ErrorCallback
                0x08001740        0x4 Drivers/STM32F1xx_HAL_Driver/Src/stm32f1xx_hal_spi.o
                0x08001740                HAL_SPI_ErrorCallback
 .text.HAL_SPI_IRQHandler
                0x08001744       0xbc Drivers/STM32F1xx_HAL_Driver/Src/stm32f1xx_hal_spi.o
                0x08001744                HAL_SPI_IRQHandler
 .text.HAL_SPI_Init
                0x08001800       0x88 Drivers/STM32F1xx_HAL_Driver/Src/stm32f1xx_hal_spi_ex.o
                0x08001800                HAL_SPI_Init
 .text.HAL_SRAM_Init
                0x08001888       0x58 Drivers/STM32F1xx_HAL_Driver/Src/stm32f1xx_hal_sram.o
                0x08001888                HAL_SRAM_Init
 .text.UART_Transmit_IT
                0x080018e0       0x6c Drivers/STM32F1xx_HAL_Driver/Src/stm32f1xx_hal_uart.o
 .text.UART_SetConfig
                0x0800194c      0x1bc Drivers/STM32F1xx_HAL_Driver/Src/stm32f1xx_hal_uart.o
 .text.UART_WaitOnFlagUntilTimeout
                0x08001b08       0xd4 Drivers/STM32F1xx_HAL_Driver/Src/stm32f1xx_hal_uart.o
 .text.HAL_UART_Init
                0x08001bdc       0x60 Drivers/STM32F1xx_HAL_Driver/Src/stm32f1xx_hal_uart.o
                0x08001bdc                HAL_UART_Init
 .text.HAL_UART_Transmit
                0x08001c3c       0xec Drivers/STM32F1xx_HAL_Driver/Src/stm32f1xx_hal_uart.o
                0x08001c3c                HAL_UART_Transmit
 .text.HAL_UART_Receive_DMA
                0x08001d28       0x98 Drivers/STM32F1xx_HAL_Driver/Src/stm32f1xx_hal_uart.o
                0x08001d28                HAL_UART_Receive_DMA
 .text.HAL_UART_TxCpltCallback
                0x08001dc0        0x4 Drivers/STM32F1xx_HAL_Driver/Src/stm32f1xx_hal_uart.o
                0x08001dc0                HAL_UART_TxCpltCallback
 .text.UART_EndTransmit_IT
                0x08001dc4       0x2c Drivers/STM32F1xx_HAL_Driver/Src/stm32f1xx_hal_uart.o
 .text.HAL_UART_RxCpltCallback
                0x08001df0        0x4 Drivers/STM32F1xx_HAL_Driver/Src/stm32f1xx_hal_uart.o
                0x08001df0                HAL_UART_RxCpltCallback
 .text.UART_DMAReceiveCplt
                0x08001df4       0x3c Drivers/STM32F1xx_HAL_Driver/Src/stm32f1xx_hal_uart.o
 .text.UART_Receive_IT
                0x08001e30       0xb4 Drivers/STM32F1xx_HAL_Driver/Src/stm32f1xx_hal_uart.o
 .text.HAL_UART_RxHalfCpltCallback
                0x08001ee4        0x4 Drivers/STM32F1xx_HAL_Driver/Src/stm32f1xx_hal_uart.o
                0x08001ee4                HAL_UART_RxHalfCpltCallback
 .text.UART_DMARxHalfCplt
                0x08001ee8        0xc Drivers/STM32F1xx_HAL_Driver/Src/stm32f1xx_hal_uart.o
 .text.HAL_UART_ErrorCallback
                0x08001ef4        0x4 Drivers/STM32F1xx_HAL_Driver/Src/stm32f1xx_hal_uart.o
                0x08001ef4                HAL_UART_ErrorCallback
 .text.UART_DMAError
                0x08001ef8       0x20 Drivers/STM32F1xx_HAL_Driver/Src/stm32f1xx_hal_uart.o
 .text.HAL_UART_IRQHandler
                0x08001f18       0xc4 Drivers/STM32F1xx_HAL_Driver/Src/stm32f1xx_hal_uart.o
                0x08001f18                HAL_UART_IRQHandler
 .text.FSMC_NORSRAM_Init
                0x08001fdc       0xa0 Drivers/STM32F1xx_HAL_Driver/Src/stm32f1xx_ll_fsmc.o
                0x08001fdc                FSMC_NORSRAM_Init
 .text.FSMC_NORSRAM_Timing_Init
                0x0800207c       0x84 Drivers/STM32F1xx_HAL_Driver/Src/stm32f1xx_ll_fsmc.o
                0x0800207c                FSMC_NORSRAM_Timing_Init
 .text.FSMC_NORSRAM_Extended_Timing_Init
                0x08002100       0x6c Drivers/STM32F1xx_HAL_Driver/Src/stm32f1xx_ll_fsmc.o
                0x08002100                FSMC_NORSRAM_Extended_Timing_Init
 .text.DpAppl_TestApplEvent
                0x0800216c       0x1c Src/DpAppl.o
 .text.DpAppl_SetApplEvent
                0x08002188       0x10 Src/DpAppl.o
 .text.DpAppl_ReadInputData
                0x08002198      0x11c Src/DpAppl.o
 .text.DpAppl_CheckEvIoOut
                0x080022b4      0x440 Src/DpAppl.o
 .text.DpAppl_ApplicationReady
                0x080026f4       0x28 Src/DpAppl.o
 .text.DpAppl_FatalError
                0x0800271c        0x4 Src/DpAppl.o
                0x0800271c                DpAppl_FatalError
 .text.DpAppl_ProfibusInit
                0x08002720       0xa8 Src/DpAppl.o
                0x08002720                DpAppl_ProfibusInit
 .text.DpAppl_ProfibusMain
                0x080027c8       0xf4 Src/DpAppl.o
                0x080027c8                DpAppl_ProfibusMain
 .text.DpAppl_MacReset
                0x080028bc        0x4 Src/DpAppl.o
                0x080028bc                DpAppl_MacReset
 .text.DpAppl_IsrGoLeaveDataExchange
                0x080028c0       0x20 Src/DpAppl.o
                0x080028c0                DpAppl_IsrGoLeaveDataExchange
 .text.DpAppl_IsrDxOut
                0x080028e0        0xc Src/DpAppl.o
                0x080028e0                DpAppl_IsrDxOut
 .text.DpAppl_IsrNewGlobalControlCommand
                0x080028ec        0x4 Src/DpAppl.o
                0x080028ec                DpAppl_IsrNewGlobalControlCommand
 .text.DpCfg_FindCfgByte
                0x080028f0       0x20 Src/DpCfg.o
 .text.DpCfg_Init
                0x08002910       0x10 Src/DpCfg.o
                0x08002910                DpCfg_Init
 .text.DpCfg_ChkNewCfgData
                0x08002920       0x58 Src/DpCfg.o
                0x08002920                DpCfg_ChkNewCfgData
 .text.DpDiag_AlarmInit
                0x08002978        0x4 Src/DpDiag.o
                0x08002978                DpDiag_AlarmInit
 .text.DpDiag_Init
                0x0800297c        0x4 Src/DpDiag.o
                0x0800297c                DpDiag_Init
 .text.DpDiag_Alarm
                0x08002980       0x74 Src/DpDiag.o
                0x08002980                DpDiag_Alarm
 .text.DpDiag_SetPrmOk
                0x080029f4       0x2c Src/DpDiag.o
                0x080029f4                DpDiag_SetPrmOk
 .text.DpDiag_SetPrmNotOk
                0x08002a20       0x28 Src/DpDiag.o
                0x08002a20                DpDiag_SetPrmNotOk
 .text.DpDiag_SetCfgOk
                0x08002a48       0x28 Src/DpDiag.o
                0x08002a48                DpDiag_SetCfgOk
 .text.DpDiag_ResetStatDiag
                0x08002a70       0x18 Src/DpDiag.o
                0x08002a70                DpDiag_ResetStatDiag
 .text.DpDiag_IsrDiagBufferChanged
                0x08002a88       0x20 Src/DpDiag.o
                0x08002a88                DpDiag_IsrDiagBufferChanged
 .text.DpPrm_ChkDpv1StatusBytes
                0x08002aa8       0x1c Src/DpPrm.o
 .text.DpPrm_Init
                0x08002ac4       0x10 Src/DpPrm.o
                0x08002ac4                DpPrm_Init
 .text.DpPrm_ChkNewPrmData
                0x08002ad4       0x44 Src/DpPrm.o
                0x08002ad4                DpPrm_ChkNewPrmData
 .text.ISKK_Init
                0x08002b18       0x8c Src/ISKK.o
                0x08002b18                ISKK_Init
 .text.Main_UART
                0x08002ba4      0x160 Src/ISKK.o
                0x08002ba4                Main_UART
 .text.MX_DMA_Init
                0x08002d04       0x44 Src/dma.o
                0x08002d04                MX_DMA_Init
 .text.VPC3_SetConstants
                0x08002d48       0xb8 Src/dp_if.o
 .text.VPC3_InitBufferStructure
                0x08002e00      0x268 Src/dp_if.o
 .text.VPC3_UpdateDiagnosis
                0x08003068       0x98 Src/dp_if.o
 .text.VPC3_MemoryTest
                0x08003100       0x60 Src/dp_if.o
                0x08003100                VPC3_MemoryTest
 .text.VPC3_CalculateInpOutpLength
                0x08003160      0x104 Src/dp_if.o
                0x08003160                VPC3_CalculateInpOutpLength
 .text.VPC3_Initialization
                0x08003264       0x7c Src/dp_if.o
                0x08003264                VPC3_Initialization
 .text.VPC3_GetDoutBufPtr
                0x080032e0       0x4c Src/dp_if.o
                0x080032e0                VPC3_GetDoutBufPtr
 .text.VPC3_GetDinBufPtr
                0x0800332c       0x40 Src/dp_if.o
                0x0800332c                VPC3_GetDinBufPtr
 .text.VPC3_InputDataUpdate
                0x0800336c       0x30 Src/dp_if.o
                0x0800336c                VPC3_InputDataUpdate
 .text.VPC3_SetIoDataLength
                0x0800339c       0x20 Src/dp_if.o
                0x0800339c                VPC3_SetIoDataLength
 .text.VPC3_GetDiagBufPtr
                0x080033bc       0x38 Src/dp_if.o
                0x080033bc                VPC3_GetDiagBufPtr
 .text.VPC3_Start
                0x080033f4       0x20 Src/dp_if.o
                0x080033f4                VPC3_Start
 .text.VPC3_CheckDiagBufPtr
                0x08003414       0x20 Src/dp_if.o
 .text.VPC3_CheckDiagBufferChanged
                0x08003434       0x30 Src/dp_if.o
                0x08003434                VPC3_CheckDiagBufferChanged
 .text.VPC3_SetDiagnosis
                0x08003464       0xe0 Src/dp_if.o
                0x08003464                VPC3_SetDiagnosis
 .text.VPC3_Isr
                0x08003544      0x19c Src/dp_isr.o
                0x08003544                VPC3_Isr
 .text.HAL_FSMC_MspInit
                0x080036e0       0xa0 Src/fsmc.o
 .text.MX_FSMC_Init
                0x08003780       0x80 Src/fsmc.o
                0x08003780                MX_FSMC_Init
 .text.HAL_SRAM_MspInit
                0x08003800        0x8 Src/fsmc.o
                0x08003800                HAL_SRAM_MspInit
 .text.MX_GPIO_Init
                0x08003808      0x16c Src/gpio.o
                0x08003808                MX_GPIO_Init
 .text.HAL_GPIO_EXTI_Callback
                0x08003974       0x30 Src/main.o
                0x08003974                HAL_GPIO_EXTI_Callback
 .text.DpAppl_SetResetVPC3Channel1
                0x080039a4       0x14 Src/main.o
                0x080039a4                DpAppl_SetResetVPC3Channel1
 .text.DpAppl_ClrResetVPC3Channel1
                0x080039b8       0x14 Src/main.o
                0x080039b8                DpAppl_ClrResetVPC3Channel1
 .text.DpAppl_EnableInterruptVPC3Channel1
                0x080039cc        0x4 Src/main.o
                0x080039cc                DpAppl_EnableInterruptVPC3Channel1
 .text._Error_Handler
                0x080039d0        0x4 Src/main.o
                0x080039d0                _Error_Handler
 .text.SystemClock_Config
                0x080039d4       0x88 Src/main.o
                0x080039d4                SystemClock_Config
 .text.main     0x08003a5c       0x60 Src/main.o
                0x08003a5c                main
 .text.MX_SPI1_Init
                0x08003abc       0x48 Src/spi.o
                0x08003abc                MX_SPI1_Init
 .text.HAL_SPI_MspInit
                0x08003b04       0x68 Src/spi.o
                0x08003b04                HAL_SPI_MspInit
 .text.HAL_MspInit
                0x08003b6c       0x90 Src/stm32f1xx_hal_msp.o
                0x08003b6c                HAL_MspInit
 .text.NMI_Handler
                0x08003bfc        0x8 Src/stm32f1xx_it.o
                0x08003bfc                NMI_Handler
 .text.HardFault_Handler
                0x08003c04        0x4 Src/stm32f1xx_it.o
                0x08003c04                HardFault_Handler
 .text.MemManage_Handler
                0x08003c08        0x4 Src/stm32f1xx_it.o
                0x08003c08                MemManage_Handler
 .text.BusFault_Handler
                0x08003c0c        0x4 Src/stm32f1xx_it.o
                0x08003c0c                BusFault_Handler
 .text.UsageFault_Handler
                0x08003c10        0x4 Src/stm32f1xx_it.o
                0x08003c10                UsageFault_Handler
 .text.SVC_Handler
                0x08003c14        0x4 Src/stm32f1xx_it.o
                0x08003c14                SVC_Handler
 .text.DebugMon_Handler
                0x08003c18        0x4 Src/stm32f1xx_it.o
                0x08003c18                DebugMon_Handler
 .text.PendSV_Handler
                0x08003c1c        0x4 Src/stm32f1xx_it.o
                0x08003c1c                PendSV_Handler
 .text.SysTick_Handler
                0x08003c20        0xc Src/stm32f1xx_it.o
                0x08003c20                SysTick_Handler
 .text.EXTI0_IRQHandler
                0x08003c2c        0xc Src/stm32f1xx_it.o
                0x08003c2c                EXTI0_IRQHandler
 .text.EXTI1_IRQHandler
                0x08003c38        0xc Src/stm32f1xx_it.o
                0x08003c38                EXTI1_IRQHandler
 .text.EXTI2_IRQHandler
                0x08003c44        0xc Src/stm32f1xx_it.o
                0x08003c44                EXTI2_IRQHandler
 .text.DMA1_Channel4_IRQHandler
                0x08003c50       0x10 Src/stm32f1xx_it.o
                0x08003c50                DMA1_Channel4_IRQHandler
 .text.DMA1_Channel5_IRQHandler
                0x08003c60       0x18 Src/stm32f1xx_it.o
                0x08003c60                DMA1_Channel5_IRQHandler
 .text.SPI1_IRQHandler
                0x08003c78       0x10 Src/stm32f1xx_it.o
                0x08003c78                SPI1_IRQHandler
 .text.USART1_IRQHandler
                0x08003c88       0x10 Src/stm32f1xx_it.o
                0x08003c88                USART1_IRQHandler
 .text.SystemInit
                0x08003c98       0x4c Src/system_stm32f1xx.o
                0x08003c98                SystemInit
 .text.MX_USART1_UART_Init
                0x08003ce4       0x3c Src/usart.o
                0x08003ce4                MX_USART1_UART_Init
 .text.HAL_UART_MspInit
                0x08003d20       0xdc Src/usart.o
                0x08003d20                HAL_UART_MspInit
 .text.Reset_Handler
                0x08003dfc       0x48 startup/startup_stm32f103xe.o
                0x08003dfc                Reset_Handler
 .text.Default_Handler
                0x08003e44        0x2 startup/startup_stm32f103xe.o
                0x08003e44                RTC_Alarm_IRQHandler
                0x08003e44                TIM8_TRG_COM_IRQHandler
                0x08003e44                TIM8_CC_IRQHandler
                0x08003e44                TIM1_CC_IRQHandler
                0x08003e44                TIM6_IRQHandler
                0x08003e44                PVD_IRQHandler
                0x08003e44                SDIO_IRQHandler
                0x08003e44                EXTI3_IRQHandler
                0x08003e44                I2C2_EV_IRQHandler
                0x08003e44                ADC1_2_IRQHandler
                0x08003e44                TAMPER_IRQHandler
                0x08003e44                TIM8_UP_IRQHandler
                0x08003e44                DMA2_Channel2_IRQHandler
                0x08003e44                USART3_IRQHandler
                0x08003e44                RTC_IRQHandler
                0x08003e44                DMA1_Channel7_IRQHandler
                0x08003e44                CAN1_RX1_IRQHandler
                0x08003e44                UART5_IRQHandler
                0x08003e44                ADC3_IRQHandler
                0x08003e44                TIM4_IRQHandler
                0x08003e44                DMA2_Channel1_IRQHandler
                0x08003e44                I2C1_EV_IRQHandler
                0x08003e44                DMA1_Channel6_IRQHandler
                0x08003e44                UART4_IRQHandler
                0x08003e44                TIM3_IRQHandler
                0x08003e44                RCC_IRQHandler
                0x08003e44                TIM1_TRG_COM_IRQHandler
                0x08003e44                DMA1_Channel1_IRQHandler
                0x08003e44                Default_Handler
                0x08003e44                EXTI15_10_IRQHandler
                0x08003e44                TIM7_IRQHandler
                0x08003e44                TIM5_IRQHandler
                0x08003e44                EXTI9_5_IRQHandler
                0x08003e44                SPI2_IRQHandler
                0x08003e44                EXTI4_IRQHandler
                0x08003e44                USB_LP_CAN1_RX0_IRQHandler
                0x08003e44                USB_HP_CAN1_TX_IRQHandler
                0x08003e44                DMA1_Channel3_IRQHandler
                0x08003e44                FSMC_IRQHandler
                0x08003e44                TIM1_UP_IRQHandler
                0x08003e44                WWDG_IRQHandler
                0x08003e44                TIM2_IRQHandler
                0x08003e44                TIM1_BRK_IRQHandler
                0x08003e44                DMA2_Channel4_5_IRQHandler
                0x08003e44                USART2_IRQHandler
                0x08003e44                I2C2_ER_IRQHandler
                0x08003e44                DMA1_Channel2_IRQHandler
                0x08003e44                TIM8_BRK_IRQHandler
                0x08003e44                CAN1_SCE_IRQHandler
                0x08003e44                FLASH_IRQHandler
                0x08003e44                SPI3_IRQHandler
                0x08003e44                I2C1_ER_IRQHandler
                0x08003e44                USBWakeUp_IRQHandler
                0x08003e44                DMA2_Channel3_IRQHandler
 *fill*         0x08003e46        0x2 
 .text.__libc_init_array
                0x08003e48       0x4c c:/ac6/systemworkbench/plugins/fr.ac6.mcu.externaltools.arm-none.win32_1.13.3.201707031232/tools/compiler/bin/../lib/gcc/arm-none-eabi/5.4.1/../../../../arm-none-eabi/lib/armv7-m\libc_nano.a(lib_a-init.o)
                0x08003e48                __libc_init_array
 .text.memcpy   0x08003e94       0x16 c:/ac6/systemworkbench/plugins/fr.ac6.mcu.externaltools.arm-none.win32_1.13.3.201707031232/tools/compiler/bin/../lib/gcc/arm-none-eabi/5.4.1/../../../../arm-none-eabi/lib/armv7-m\libc_nano.a(lib_a-memcpy-stub.o)
                0x08003e94                memcpy
 .text.memset   0x08003eaa       0x10 c:/ac6/systemworkbench/plugins/fr.ac6.mcu.externaltools.arm-none.win32_1.13.3.201707031232/tools/compiler/bin/../lib/gcc/arm-none-eabi/5.4.1/../../../../arm-none-eabi/lib/armv7-m\libc_nano.a(lib_a-memset.o)
                0x08003eaa                memset
 *(.glue_7)
 .glue_7        0x08003eba        0x0 linker stubs
 *(.glue_7t)
 .glue_7t       0x08003eba        0x0 linker stubs
 *(.eh_frame)
 *fill*         0x08003eba        0x2 
 .eh_frame      0x08003ebc        0x0 c:/ac6/systemworkbench/plugins/fr.ac6.mcu.externaltools.arm-none.win32_1.13.3.201707031232/tools/compiler/bin/../lib/gcc/arm-none-eabi/5.4.1/armv7-m/crtbegin.o
 *(.init)
 .init          0x08003ebc        0x4 c:/ac6/systemworkbench/plugins/fr.ac6.mcu.externaltools.arm-none.win32_1.13.3.201707031232/tools/compiler/bin/../lib/gcc/arm-none-eabi/5.4.1/armv7-m/crti.o
                0x08003ebc                _init
 .init          0x08003ec0        0x8 c:/ac6/systemworkbench/plugins/fr.ac6.mcu.externaltools.arm-none.win32_1.13.3.201707031232/tools/compiler/bin/../lib/gcc/arm-none-eabi/5.4.1/armv7-m/crtn.o
 *(.fini)
 .fini          0x08003ec8        0x4 c:/ac6/systemworkbench/plugins/fr.ac6.mcu.externaltools.arm-none.win32_1.13.3.201707031232/tools/compiler/bin/../lib/gcc/arm-none-eabi/5.4.1/armv7-m/crti.o
                0x08003ec8                _fini
 .fini          0x08003ecc        0x8 c:/ac6/systemworkbench/plugins/fr.ac6.mcu.externaltools.arm-none.win32_1.13.3.201707031232/tools/compiler/bin/../lib/gcc/arm-none-eabi/5.4.1/armv7-m/crtn.o
                0x08003ed4                . = ALIGN (0x4)
                0x08003ed4                _etext = .

.vfp11_veneer   0x08003ed4        0x0
 .vfp11_veneer  0x08003ed4        0x0 linker stubs

.v4_bx          0x08003ed4        0x0
 .v4_bx         0x08003ed4        0x0 linker stubs

.iplt           0x08003ed4        0x0
 .iplt          0x08003ed4        0x0 c:/ac6/systemworkbench/plugins/fr.ac6.mcu.externaltools.arm-none.win32_1.13.3.201707031232/tools/compiler/bin/../lib/gcc/arm-none-eabi/5.4.1/armv7-m/crtbegin.o

.rodata         0x08003ed4       0x74
                0x08003ed4                . = ALIGN (0x4)
 *(.rodata)
 .rodata        0x08003ed4       0x12 Drivers/STM32F1xx_HAL_Driver/Src/stm32f1xx_hal_rcc.o
 *fill*         0x08003ee6        0x2 
 .rodata        0x08003ee8        0x5 Src/DpCfg.o
                0x08003ee8                AllCfgBytes
                0x08003eec                DpApplDefCfg
 *fill*         0x08003eed        0x3 
 .rodata        0x08003ef0       0x18 Src/system_stm32f1xx.o
                0x08003ef0                AHBPrescTable
                0x08003f00                APBPrescTable
 *(.rodata*)
 .rodata.str1.4
                0x08003f08        0xe Src/fsmc.o
 *fill*         0x08003f16        0x2 
 .rodata.str1.4
                0x08003f18        0xe Src/main.o
 *fill*         0x08003f26        0x2 
 .rodata.str1.4
                0x08003f28        0xd Src/spi.o
 *fill*         0x08003f35        0x3 
 .rodata.str1.4
                0x08003f38       0x10 Src/usart.o
                                  0xf (size before relaxing)
                0x08003f48                . = ALIGN (0x4)

.rel.dyn        0x08003f48        0x0
 .rel.iplt      0x08003f48        0x0 c:/ac6/systemworkbench/plugins/fr.ac6.mcu.externaltools.arm-none.win32_1.13.3.201707031232/tools/compiler/bin/../lib/gcc/arm-none-eabi/5.4.1/armv7-m/crtbegin.o

.ARM.extab
 *(.ARM.extab* .gnu.linkonce.armextab.*)

.ARM            0x08003f48        0x0
                0x08003f48                __exidx_start = .
 *(.ARM.exidx*)
                0x08003f48                __exidx_end = .

.preinit_array  0x08003f48        0x0
                0x08003f48                PROVIDE (__preinit_array_start, .)
 *(.preinit_array*)
                0x08003f48                PROVIDE (__preinit_array_end, .)

.init_array     0x08003f48        0x4
                0x08003f48                PROVIDE (__init_array_start, .)
 *(SORT(.init_array.*))
 *(.init_array*)
 .init_array    0x08003f48        0x4 c:/ac6/systemworkbench/plugins/fr.ac6.mcu.externaltools.arm-none.win32_1.13.3.201707031232/tools/compiler/bin/../lib/gcc/arm-none-eabi/5.4.1/armv7-m/crtbegin.o
                0x08003f4c                PROVIDE (__init_array_end, .)

.fini_array     0x08003f4c        0x4
                [!provide]                PROVIDE (__fini_array_start, .)
 *(SORT(.fini_array.*))
 *(.fini_array*)
 .fini_array    0x08003f4c        0x4 c:/ac6/systemworkbench/plugins/fr.ac6.mcu.externaltools.arm-none.win32_1.13.3.201707031232/tools/compiler/bin/../lib/gcc/arm-none-eabi/5.4.1/armv7-m/crtbegin.o
                [!provide]                PROVIDE (__fini_array_end, .)
                0x08003f50                _sidata = LOADADDR (.data)

.data           0x20000000        0x4 load address 0x08003f50
                0x20000000                . = ALIGN (0x4)
                0x20000000                _sdata = .
 *(.data)
 .data          0x20000000        0x4 Src/system_stm32f1xx.o
                0x20000000                SystemCoreClock
 *(.data*)
                0x20000004                . = ALIGN (0x4)
                0x20000004                _edata = .

.jcr            0x20000004        0x0 load address 0x08003f54
 .jcr           0x20000004        0x0 c:/ac6/systemworkbench/plugins/fr.ac6.mcu.externaltools.arm-none.win32_1.13.3.201707031232/tools/compiler/bin/../lib/gcc/arm-none-eabi/5.4.1/armv7-m/crtbegin.o

.igot.plt       0x20000004        0x0 load address 0x08003f54
 .igot.plt      0x20000004        0x0 c:/ac6/systemworkbench/plugins/fr.ac6.mcu.externaltools.arm-none.win32_1.13.3.201707031232/tools/compiler/bin/../lib/gcc/arm-none-eabi/5.4.1/armv7-m/crtbegin.o
                0x20000004                . = ALIGN (0x4)

.bss            0x20000004      0x62c load address 0x08003f54
                0x20000004                _sbss = .
                0x20000004                __bss_start__ = _sbss
 *(.bss)
 .bss           0x20000004       0x1c c:/ac6/systemworkbench/plugins/fr.ac6.mcu.externaltools.arm-none.win32_1.13.3.201707031232/tools/compiler/bin/../lib/gcc/arm-none-eabi/5.4.1/armv7-m/crtbegin.o
 .bss           0x20000020        0x4 Drivers/STM32F1xx_HAL_Driver/Src/stm32f1xx_hal.o
 .bss           0x20000024        0x1 Drivers/STM32F1xx_HAL_Driver/Src/stm32f1xx_hal_spi_ex.o
                0x20000024                uCRCErrorWorkaroundCheck
 *fill*         0x20000025        0x3 
 .bss           0x20000028        0x8 Src/fsmc.o
 *(.bss*)
 *(COMMON)
 COMMON         0x20000030      0x4b4 Src/DpAppl.o
                0x20000030                UART1
                0x2000007c                sDpSystemChannel1
                0x200001cc                pVpc3Channel1
                0x200001d0                Vpc3AsicAddress
                0x200001d4                Profibus_Module1
                0x20000200                pVpc3
                0x20000204                sDpAppl
                0x200004d8                sVpc3Error
                0x200004e0                pDpSystem
 COMMON         0x200004e4       0x44 Src/fsmc.o
                0x200004e4                hsram1
 COMMON         0x20000528       0x58 Src/spi.o
                0x20000528                hspi1
 COMMON         0x20000580       0xb0 Src/usart.o
                0x20000580                hdma_usart1_tx
                0x200005b8                hdma_usart1_rx
                0x200005f0                huart1
                0x20000630                . = ALIGN (0x4)
                0x20000630                _ebss = .
                0x20000630                __bss_end__ = _ebss

._user_heap_stack
                0x20000630      0x600 load address 0x08003f54
                0x20000630                . = ALIGN (0x8)
                [!provide]                PROVIDE (end, .)
                [!provide]                PROVIDE (_end, .)
                0x20000830                . = (. + _Min_Heap_Size)
 *fill*         0x20000630      0x200 
                0x20000c30                . = (. + _Min_Stack_Size)
 *fill*         0x20000830      0x400 
                0x20000c30                . = ALIGN (0x8)

/DISCARD/
 libc.a(*)
 libm.a(*)
 libgcc.a(*)

.ARM.attributes
                0x00000000       0x29
 *(.ARM.attributes)
 .ARM.attributes
                0x00000000       0x1d c:/ac6/systemworkbench/plugins/fr.ac6.mcu.externaltools.arm-none.win32_1.13.3.201707031232/tools/compiler/bin/../lib/gcc/arm-none-eabi/5.4.1/armv7-m/crti.o
 .ARM.attributes
                0x0000001d       0x2d c:/ac6/systemworkbench/plugins/fr.ac6.mcu.externaltools.arm-none.win32_1.13.3.201707031232/tools/compiler/bin/../lib/gcc/arm-none-eabi/5.4.1/armv7-m/crtbegin.o
 .ARM.attributes
                0x0000004a       0x33 Drivers/STM32F1xx_HAL_Driver/Src/stm32f1xx_hal.o
 .ARM.attributes
                0x0000007d       0x33 Drivers/STM32F1xx_HAL_Driver/Src/stm32f1xx_hal_cortex.o
 .ARM.attributes
                0x000000b0       0x33 Drivers/STM32F1xx_HAL_Driver/Src/stm32f1xx_hal_dma.o
 .ARM.attributes
                0x000000e3       0x33 Drivers/STM32F1xx_HAL_Driver/Src/stm32f1xx_hal_gpio.o
 .ARM.attributes
                0x00000116       0x33 Drivers/STM32F1xx_HAL_Driver/Src/stm32f1xx_hal_rcc.o
 .ARM.attributes
                0x00000149       0x33 Drivers/STM32F1xx_HAL_Driver/Src/stm32f1xx_hal_spi.o
 .ARM.attributes
                0x0000017c       0x33 Drivers/STM32F1xx_HAL_Driver/Src/stm32f1xx_hal_spi_ex.o
 .ARM.attributes
                0x000001af       0x33 Drivers/STM32F1xx_HAL_Driver/Src/stm32f1xx_hal_sram.o
 .ARM.attributes
                0x000001e2       0x33 Drivers/STM32F1xx_HAL_Driver/Src/stm32f1xx_hal_uart.o
 .ARM.attributes
                0x00000215       0x33 Drivers/STM32F1xx_HAL_Driver/Src/stm32f1xx_ll_fsmc.o
 .ARM.attributes
                0x00000248       0x33 Src/DpAppl.o
 .ARM.attributes
                0x0000027b       0x33 Src/DpCfg.o
 .ARM.attributes
                0x000002ae       0x33 Src/DpDiag.o
 .ARM.attributes
                0x000002e1       0x33 Src/DpPrm.o
 .ARM.attributes
                0x00000314       0x33 Src/ISKK.o
 .ARM.attributes
                0x00000347       0x33 Src/dma.o
 .ARM.attributes
                0x0000037a       0x33 Src/dp_if.o
 .ARM.attributes
                0x000003ad       0x33 Src/dp_isr.o
 .ARM.attributes
                0x000003e0       0x33 Src/fsmc.o
 .ARM.attributes
                0x00000413       0x33 Src/gpio.o
 .ARM.attributes
                0x00000446       0x33 Src/main.o
 .ARM.attributes
                0x00000479       0x33 Src/spi.o
 .ARM.attributes
                0x000004ac       0x33 Src/stm32f1xx_hal_msp.o
 .ARM.attributes
                0x000004df       0x33 Src/stm32f1xx_it.o
 .ARM.attributes
                0x00000512       0x33 Src/system_stm32f1xx.o
 .ARM.attributes
                0x00000545       0x33 Src/usart.o
 .ARM.attributes
                0x00000578       0x21 startup/startup_stm32f103xe.o
 .ARM.attributes
                0x00000599       0x2d c:/ac6/systemworkbench/plugins/fr.ac6.mcu.externaltools.arm-none.win32_1.13.3.201707031232/tools/compiler/bin/../lib/gcc/arm-none-eabi/5.4.1/../../../../arm-none-eabi/lib/armv7-m\libc_nano.a(lib_a-init.o)
 .ARM.attributes
                0x000005c6       0x2d c:/ac6/systemworkbench/plugins/fr.ac6.mcu.externaltools.arm-none.win32_1.13.3.201707031232/tools/compiler/bin/../lib/gcc/arm-none-eabi/5.4.1/../../../../arm-none-eabi/lib/armv7-m\libc_nano.a(lib_a-memcpy-stub.o)
 .ARM.attributes
                0x000005f3       0x2d c:/ac6/systemworkbench/plugins/fr.ac6.mcu.externaltools.arm-none.win32_1.13.3.201707031232/tools/compiler/bin/../lib/gcc/arm-none-eabi/5.4.1/../../../../arm-none-eabi/lib/armv7-m\libc_nano.a(lib_a-memset.o)
 .ARM.attributes
                0x00000620       0x1d c:/ac6/systemworkbench/plugins/fr.ac6.mcu.externaltools.arm-none.win32_1.13.3.201707031232/tools/compiler/bin/../lib/gcc/arm-none-eabi/5.4.1/armv7-m/crtn.o
OUTPUT(ISKK_PB_V1_1.elf elf32-littlearm)

.debug_info     0x00000000    0x119ee
 .debug_info    0x00000000      0x6ff Drivers/STM32F1xx_HAL_Driver/Src/stm32f1xx_hal.o
 .debug_info    0x000006ff      0xc99 Drivers/STM32F1xx_HAL_Driver/Src/stm32f1xx_hal_cortex.o
 .debug_info    0x00001398      0x645 Drivers/STM32F1xx_HAL_Driver/Src/stm32f1xx_hal_dma.o
 .debug_info    0x000019dd      0x608 Drivers/STM32F1xx_HAL_Driver/Src/stm32f1xx_hal_gpio.o
 .debug_info    0x00001fe5     0x12ab Drivers/STM32F1xx_HAL_Driver/Src/stm32f1xx_hal_rcc.o
 .debug_info    0x00003290     0x15a3 Drivers/STM32F1xx_HAL_Driver/Src/stm32f1xx_hal_spi.o
 .debug_info    0x00004833      0x5ba Drivers/STM32F1xx_HAL_Driver/Src/stm32f1xx_hal_spi_ex.o
 .debug_info    0x00004ded      0xaf2 Drivers/STM32F1xx_HAL_Driver/Src/stm32f1xx_hal_sram.o
 .debug_info    0x000058df     0x10f5 Drivers/STM32F1xx_HAL_Driver/Src/stm32f1xx_hal_uart.o
 .debug_info    0x000069d4      0xfd9 Drivers/STM32F1xx_HAL_Driver/Src/stm32f1xx_ll_fsmc.o
 .debug_info    0x000079ad     0x1c05 Src/DpAppl.o
 .debug_info    0x000095b2      0x50e Src/DpCfg.o
 .debug_info    0x00009ac0      0x85a Src/DpDiag.o
 .debug_info    0x0000a31a      0xaf3 Src/DpPrm.o
 .debug_info    0x0000ae0d      0x442 Src/ISKK.o
 .debug_info    0x0000b24f      0x3af Src/dma.o
 .debug_info    0x0000b5fe     0x1231 Src/dp_if.o
 .debug_info    0x0000c82f      0xb18 Src/dp_isr.o
 .debug_info    0x0000d347      0x929 Src/fsmc.o
 .debug_info    0x0000dc70      0x692 Src/gpio.o
 .debug_info    0x0000e302      0xe91 Src/main.o
 .debug_info    0x0000f193      0x9d6 Src/spi.o
 .debug_info    0x0000fb69      0x4a0 Src/stm32f1xx_hal_msp.o
 .debug_info    0x00010009      0xb7d Src/stm32f1xx_it.o
 .debug_info    0x00010b86      0x3eb Src/system_stm32f1xx.o
 .debug_info    0x00010f71      0xa14 Src/usart.o
 .debug_info    0x00011985       0x69 startup/startup_stm32f103xe.o

.debug_abbrev   0x00000000     0x2f1f
 .debug_abbrev  0x00000000      0x21f Drivers/STM32F1xx_HAL_Driver/Src/stm32f1xx_hal.o
 .debug_abbrev  0x0000021f      0x2bd Drivers/STM32F1xx_HAL_Driver/Src/stm32f1xx_hal_cortex.o
 .debug_abbrev  0x000004dc      0x1f2 Drivers/STM32F1xx_HAL_Driver/Src/stm32f1xx_hal_dma.o
 .debug_abbrev  0x000006ce      0x1cd Drivers/STM32F1xx_HAL_Driver/Src/stm32f1xx_hal_gpio.o
 .debug_abbrev  0x0000089b      0x287 Drivers/STM32F1xx_HAL_Driver/Src/stm32f1xx_hal_rcc.o
 .debug_abbrev  0x00000b22      0x22a Drivers/STM32F1xx_HAL_Driver/Src/stm32f1xx_hal_spi.o
 .debug_abbrev  0x00000d4c      0x160 Drivers/STM32F1xx_HAL_Driver/Src/stm32f1xx_hal_spi_ex.o
 .debug_abbrev  0x00000eac      0x1dc Drivers/STM32F1xx_HAL_Driver/Src/stm32f1xx_hal_sram.o
 .debug_abbrev  0x00001088      0x228 Drivers/STM32F1xx_HAL_Driver/Src/stm32f1xx_hal_uart.o
 .debug_abbrev  0x000012b0      0x1cb Drivers/STM32F1xx_HAL_Driver/Src/stm32f1xx_ll_fsmc.o
 .debug_abbrev  0x0000147b      0x2d6 Src/DpAppl.o
 .debug_abbrev  0x00001751      0x1df Src/DpCfg.o
 .debug_abbrev  0x00001930      0x1c5 Src/DpDiag.o
 .debug_abbrev  0x00001af5      0x18e Src/DpPrm.o
 .debug_abbrev  0x00001c83      0x13d Src/ISKK.o
 .debug_abbrev  0x00001dc0      0x114 Src/dma.o
 .debug_abbrev  0x00001ed4      0x21c Src/dp_if.o
 .debug_abbrev  0x000020f0      0x19f Src/dp_isr.o
 .debug_abbrev  0x0000228f      0x1cb Src/fsmc.o
 .debug_abbrev  0x0000245a      0x13f Src/gpio.o
 .debug_abbrev  0x00002599      0x216 Src/main.o
 .debug_abbrev  0x000027af      0x19f Src/spi.o
 .debug_abbrev  0x0000294e      0x126 Src/stm32f1xx_hal_msp.o
 .debug_abbrev  0x00002a74      0x1ca Src/stm32f1xx_it.o
 .debug_abbrev  0x00002c3e      0x125 Src/system_stm32f1xx.o
 .debug_abbrev  0x00002d63      0x1aa Src/usart.o
 .debug_abbrev  0x00002f0d       0x12 startup/startup_stm32f103xe.o

.debug_loc      0x00000000     0x59fc
 .debug_loc     0x00000000       0x81 Drivers/STM32F1xx_HAL_Driver/Src/stm32f1xx_hal.o
 .debug_loc     0x00000081      0x527 Drivers/STM32F1xx_HAL_Driver/Src/stm32f1xx_hal_cortex.o
 .debug_loc     0x000005a8      0x417 Drivers/STM32F1xx_HAL_Driver/Src/stm32f1xx_hal_dma.o
 .debug_loc     0x000009bf      0x36c Drivers/STM32F1xx_HAL_Driver/Src/stm32f1xx_hal_gpio.o
 .debug_loc     0x00000d2b      0x8e9 Drivers/STM32F1xx_HAL_Driver/Src/stm32f1xx_hal_rcc.o
 .debug_loc     0x00001614     0x10bd Drivers/STM32F1xx_HAL_Driver/Src/stm32f1xx_hal_spi.o
 .debug_loc     0x000026d1       0xa3 Drivers/STM32F1xx_HAL_Driver/Src/stm32f1xx_hal_spi_ex.o
 .debug_loc     0x00002774      0x7cc Drivers/STM32F1xx_HAL_Driver/Src/stm32f1xx_hal_sram.o
 .debug_loc     0x00002f40     0x1009 Drivers/STM32F1xx_HAL_Driver/Src/stm32f1xx_hal_uart.o
 .debug_loc     0x00003f49      0x77e Drivers/STM32F1xx_HAL_Driver/Src/stm32f1xx_ll_fsmc.o
 .debug_loc     0x000046c7       0xff Src/DpAppl.o
 .debug_loc     0x000047c6      0x15a Src/DpCfg.o
 .debug_loc     0x00004920      0x287 Src/DpDiag.o
 .debug_loc     0x00004ba7      0x137 Src/DpPrm.o
 .debug_loc     0x00004cde      0xb17 Src/dp_if.o
 .debug_loc     0x000057f5       0x26 Src/dp_isr.o
 .debug_loc     0x0000581b       0x42 Src/fsmc.o
 .debug_loc     0x0000585d       0x21 Src/main.o
 .debug_loc     0x0000587e       0x4d Src/spi.o
 .debug_loc     0x000058cb       0xdf Src/system_stm32f1xx.o
 .debug_loc     0x000059aa       0x52 Src/usart.o

.debug_aranges  0x00000000      0xb78
 .debug_aranges
                0x00000000       0xb0 Drivers/STM32F1xx_HAL_Driver/Src/stm32f1xx_hal.o
 .debug_aranges
                0x000000b0       0x90 Drivers/STM32F1xx_HAL_Driver/Src/stm32f1xx_hal_cortex.o
 .debug_aranges
                0x00000140       0x68 Drivers/STM32F1xx_HAL_Driver/Src/stm32f1xx_hal_dma.o
 .debug_aranges
                0x000001a8       0x58 Drivers/STM32F1xx_HAL_Driver/Src/stm32f1xx_hal_gpio.o
 .debug_aranges
                0x00000200       0x88 Drivers/STM32F1xx_HAL_Driver/Src/stm32f1xx_hal_rcc.o
 .debug_aranges
                0x00000288      0x158 Drivers/STM32F1xx_HAL_Driver/Src/stm32f1xx_hal_spi.o
 .debug_aranges
                0x000003e0       0x28 Drivers/STM32F1xx_HAL_Driver/Src/stm32f1xx_hal_spi_ex.o
 .debug_aranges
                0x00000408       0xa0 Drivers/STM32F1xx_HAL_Driver/Src/stm32f1xx_hal_sram.o
 .debug_aranges
                0x000004a8      0x150 Drivers/STM32F1xx_HAL_Driver/Src/stm32f1xx_hal_uart.o
 .debug_aranges
                0x000005f8       0xa8 Drivers/STM32F1xx_HAL_Driver/Src/stm32f1xx_ll_fsmc.o
 .debug_aranges
                0x000006a0       0x98 Src/DpAppl.o
 .debug_aranges
                0x00000738       0x30 Src/DpCfg.o
 .debug_aranges
                0x00000768       0x60 Src/DpDiag.o
 .debug_aranges
                0x000007c8       0x30 Src/DpPrm.o
 .debug_aranges
                0x000007f8       0x28 Src/ISKK.o
 .debug_aranges
                0x00000820       0x20 Src/dma.o
 .debug_aranges
                0x00000840       0xd8 Src/dp_if.o
 .debug_aranges
                0x00000918       0x20 Src/dp_isr.o
 .debug_aranges
                0x00000938       0x40 Src/fsmc.o
 .debug_aranges
                0x00000978       0x20 Src/gpio.o
 .debug_aranges
                0x00000998       0x78 Src/main.o
 .debug_aranges
                0x00000a10       0x30 Src/spi.o
 .debug_aranges
                0x00000a40       0x20 Src/stm32f1xx_hal_msp.o
 .debug_aranges
                0x00000a60       0x98 Src/stm32f1xx_it.o
 .debug_aranges
                0x00000af8       0x28 Src/system_stm32f1xx.o
 .debug_aranges
                0x00000b20       0x30 Src/usart.o
 .debug_aranges
                0x00000b50       0x28 startup/startup_stm32f103xe.o

.debug_ranges   0x00000000      0x9d0
 .debug_ranges  0x00000000       0xa0 Drivers/STM32F1xx_HAL_Driver/Src/stm32f1xx_hal.o
 .debug_ranges  0x000000a0       0x80 Drivers/STM32F1xx_HAL_Driver/Src/stm32f1xx_hal_cortex.o
 .debug_ranges  0x00000120       0x58 Drivers/STM32F1xx_HAL_Driver/Src/stm32f1xx_hal_dma.o
 .debug_ranges  0x00000178       0x48 Drivers/STM32F1xx_HAL_Driver/Src/stm32f1xx_hal_gpio.o
 .debug_ranges  0x000001c0       0x78 Drivers/STM32F1xx_HAL_Driver/Src/stm32f1xx_hal_rcc.o
 .debug_ranges  0x00000238      0x148 Drivers/STM32F1xx_HAL_Driver/Src/stm32f1xx_hal_spi.o
 .debug_ranges  0x00000380       0x18 Drivers/STM32F1xx_HAL_Driver/Src/stm32f1xx_hal_spi_ex.o
 .debug_ranges  0x00000398       0x90 Drivers/STM32F1xx_HAL_Driver/Src/stm32f1xx_hal_sram.o
 .debug_ranges  0x00000428      0x140 Drivers/STM32F1xx_HAL_Driver/Src/stm32f1xx_hal_uart.o
 .debug_ranges  0x00000568       0x98 Drivers/STM32F1xx_HAL_Driver/Src/stm32f1xx_ll_fsmc.o
 .debug_ranges  0x00000600       0x88 Src/DpAppl.o
 .debug_ranges  0x00000688       0x20 Src/DpCfg.o
 .debug_ranges  0x000006a8       0x50 Src/DpDiag.o
 .debug_ranges  0x000006f8       0x20 Src/DpPrm.o
 .debug_ranges  0x00000718       0x18 Src/ISKK.o
 .debug_ranges  0x00000730       0x10 Src/dma.o
 .debug_ranges  0x00000740       0xc8 Src/dp_if.o
 .debug_ranges  0x00000808       0x10 Src/dp_isr.o
 .debug_ranges  0x00000818       0x30 Src/fsmc.o
 .debug_ranges  0x00000848       0x10 Src/gpio.o
 .debug_ranges  0x00000858       0x68 Src/main.o
 .debug_ranges  0x000008c0       0x20 Src/spi.o
 .debug_ranges  0x000008e0       0x10 Src/stm32f1xx_hal_msp.o
 .debug_ranges  0x000008f0       0x88 Src/stm32f1xx_it.o
 .debug_ranges  0x00000978       0x18 Src/system_stm32f1xx.o
 .debug_ranges  0x00000990       0x20 Src/usart.o
 .debug_ranges  0x000009b0       0x20 startup/startup_stm32f103xe.o

.debug_macro    0x00000000    0x1e304
 .debug_macro   0x00000000      0x30e Drivers/STM32F1xx_HAL_Driver/Src/stm32f1xx_hal.o
 .debug_macro   0x0000030e      0x880 Drivers/STM32F1xx_HAL_Driver/Src/stm32f1xx_hal.o
 .debug_macro   0x00000b8e       0x82 Drivers/STM32F1xx_HAL_Driver/Src/stm32f1xx_hal.o
 .debug_macro   0x00000c10      0x16d Drivers/STM32F1xx_HAL_Driver/Src/stm32f1xx_hal.o
 .debug_macro   0x00000d7d       0x2e Drivers/STM32F1xx_HAL_Driver/Src/stm32f1xx_hal.o
 .debug_macro   0x00000dab       0x22 Drivers/STM32F1xx_HAL_Driver/Src/stm32f1xx_hal.o
 .debug_macro   0x00000dcd       0x22 Drivers/STM32F1xx_HAL_Driver/Src/stm32f1xx_hal.o
 .debug_macro   0x00000def       0x87 Drivers/STM32F1xx_HAL_Driver/Src/stm32f1xx_hal.o
 .debug_macro   0x00000e76       0x44 Drivers/STM32F1xx_HAL_Driver/Src/stm32f1xx_hal.o
 .debug_macro   0x00000eba       0xfd Drivers/STM32F1xx_HAL_Driver/Src/stm32f1xx_hal.o
 .debug_macro   0x00000fb7       0x5e Drivers/STM32F1xx_HAL_Driver/Src/stm32f1xx_hal.o
 .debug_macro   0x00001015      0x1df Drivers/STM32F1xx_HAL_Driver/Src/stm32f1xx_hal.o
 .debug_macro   0x000011f4       0x34 Drivers/STM32F1xx_HAL_Driver/Src/stm32f1xx_hal.o
 .debug_macro   0x00001228       0x34 Drivers/STM32F1xx_HAL_Driver/Src/stm32f1xx_hal.o
 .debug_macro   0x0000125c      0xb8e Drivers/STM32F1xx_HAL_Driver/Src/stm32f1xx_hal.o
 .debug_macro   0x00001dea    0x1075d Drivers/STM32F1xx_HAL_Driver/Src/stm32f1xx_hal.o
 .debug_macro   0x00012547       0x43 Drivers/STM32F1xx_HAL_Driver/Src/stm32f1xx_hal.o
 .debug_macro   0x0001258a     0x3383 Drivers/STM32F1xx_HAL_Driver/Src/stm32f1xx_hal.o
 .debug_macro   0x0001590d       0x52 Drivers/STM32F1xx_HAL_Driver/Src/stm32f1xx_hal.o
 .debug_macro   0x0001595f       0x35 Drivers/STM32F1xx_HAL_Driver/Src/stm32f1xx_hal.o
 .debug_macro   0x00015994       0x9c Drivers/STM32F1xx_HAL_Driver/Src/stm32f1xx_hal.o
 .debug_macro   0x00015a30       0x16 Drivers/STM32F1xx_HAL_Driver/Src/stm32f1xx_hal.o
 .debug_macro   0x00015a46       0x97 Drivers/STM32F1xx_HAL_Driver/Src/stm32f1xx_hal.o
 .debug_macro   0x00015add      0x30d Drivers/STM32F1xx_HAL_Driver/Src/stm32f1xx_hal.o
 .debug_macro   0x00015dea       0xfd Drivers/STM32F1xx_HAL_Driver/Src/stm32f1xx_hal.o
 .debug_macro   0x00015ee7       0x10 Drivers/STM32F1xx_HAL_Driver/Src/stm32f1xx_hal.o
 .debug_macro   0x00015ef7       0x52 Drivers/STM32F1xx_HAL_Driver/Src/stm32f1xx_hal.o
 .debug_macro   0x00015f49       0x1f Drivers/STM32F1xx_HAL_Driver/Src/stm32f1xx_hal.o
 .debug_macro   0x00015f68       0x43 Drivers/STM32F1xx_HAL_Driver/Src/stm32f1xx_hal.o
 .debug_macro   0x00015fab       0x20 Drivers/STM32F1xx_HAL_Driver/Src/stm32f1xx_hal.o
 .debug_macro   0x00015fcb      0x187 Drivers/STM32F1xx_HAL_Driver/Src/stm32f1xx_hal.o
 .debug_macro   0x00016152       0x10 Drivers/STM32F1xx_HAL_Driver/Src/stm32f1xx_hal.o
 .debug_macro   0x00016162       0x1c Drivers/STM32F1xx_HAL_Driver/Src/stm32f1xx_hal.o
 .debug_macro   0x0001617e       0x52 Drivers/STM32F1xx_HAL_Driver/Src/stm32f1xx_hal.o
 .debug_macro   0x000161d0       0x40 Drivers/STM32F1xx_HAL_Driver/Src/stm32f1xx_hal.o
 .debug_macro   0x00016210       0x10 Drivers/STM32F1xx_HAL_Driver/Src/stm32f1xx_hal.o
 .debug_macro   0x00016220       0x40 Drivers/STM32F1xx_HAL_Driver/Src/stm32f1xx_hal.o
 .debug_macro   0x00016260       0xd7 Drivers/STM32F1xx_HAL_Driver/Src/stm32f1xx_hal.o
 .debug_macro   0x00016337       0x16 Drivers/STM32F1xx_HAL_Driver/Src/stm32f1xx_hal.o
 .debug_macro   0x0001634d      0x18b Drivers/STM32F1xx_HAL_Driver/Src/stm32f1xx_hal.o
 .debug_macro   0x000164d8       0x50 Drivers/STM32F1xx_HAL_Driver/Src/stm32f1xx_hal.o
 .debug_macro   0x00016528      0x778 Drivers/STM32F1xx_HAL_Driver/Src/stm32f1xx_hal.o
 .debug_macro   0x00016ca0      0x4d7 Drivers/STM32F1xx_HAL_Driver/Src/stm32f1xx_hal.o
 .debug_macro   0x00017177      0x141 Drivers/STM32F1xx_HAL_Driver/Src/stm32f1xx_hal.o
 .debug_macro   0x000172b8      0x1cf Drivers/STM32F1xx_HAL_Driver/Src/stm32f1xx_hal.o
 .debug_macro   0x00017487      0x1ae Drivers/STM32F1xx_HAL_Driver/Src/stm32f1xx_hal.o
 .debug_macro   0x00017635       0x2a Drivers/STM32F1xx_HAL_Driver/Src/stm32f1xx_hal.o
 .debug_macro   0x0001765f       0x3c Drivers/STM32F1xx_HAL_Driver/Src/stm32f1xx_hal.o
 .debug_macro   0x0001769b       0x57 Drivers/STM32F1xx_HAL_Driver/Src/stm32f1xx_hal.o
 .debug_macro   0x000176f2       0x8c Drivers/STM32F1xx_HAL_Driver/Src/stm32f1xx_hal.o
 .debug_macro   0x0001777e      0x250 Drivers/STM32F1xx_HAL_Driver/Src/stm32f1xx_hal.o
 .debug_macro   0x000179ce      0x328 Drivers/STM32F1xx_HAL_Driver/Src/stm32f1xx_hal.o
 .debug_macro   0x00017cf6      0x143 Drivers/STM32F1xx_HAL_Driver/Src/stm32f1xx_hal.o
 .debug_macro   0x00017e39      0x1f4 Drivers/STM32F1xx_HAL_Driver/Src/stm32f1xx_hal.o
 .debug_macro   0x0001802d      0x256 Drivers/STM32F1xx_HAL_Driver/Src/stm32f1xx_hal.o
 .debug_macro   0x00018283       0xae Drivers/STM32F1xx_HAL_Driver/Src/stm32f1xx_hal.o
 .debug_macro   0x00018331      0x2ea Drivers/STM32F1xx_HAL_Driver/Src/stm32f1xx_hal_cortex.o
 .debug_macro   0x0001861b      0x2f0 Drivers/STM32F1xx_HAL_Driver/Src/stm32f1xx_hal_dma.o
 .debug_macro   0x0001890b      0x35a Drivers/STM32F1xx_HAL_Driver/Src/stm32f1xx_hal_gpio.o
 .debug_macro   0x00018c65      0x30e Drivers/STM32F1xx_HAL_Driver/Src/stm32f1xx_hal_rcc.o
 .debug_macro   0x00018f73      0x2f2 Drivers/STM32F1xx_HAL_Driver/Src/stm32f1xx_hal_spi.o
 .debug_macro   0x00019265      0x2ea Drivers/STM32F1xx_HAL_Driver/Src/stm32f1xx_hal_spi_ex.o
 .debug_macro   0x0001954f      0x2ea Drivers/STM32F1xx_HAL_Driver/Src/stm32f1xx_hal_sram.o
 .debug_macro   0x00019839      0x2eb Drivers/STM32F1xx_HAL_Driver/Src/stm32f1xx_hal_uart.o
 .debug_macro   0x00019b24      0x31d Drivers/STM32F1xx_HAL_Driver/Src/stm32f1xx_ll_fsmc.o
 .debug_macro   0x00019e41      0x367 Src/DpAppl.o
 .debug_macro   0x0001a1a8       0x4c Src/DpAppl.o
 .debug_macro   0x0001a1f4       0x8d Src/DpAppl.o
 .debug_macro   0x0001a281      0x174 Src/DpAppl.o
 .debug_macro   0x0001a3f5       0x4a Src/DpAppl.o
 .debug_macro   0x0001a43f       0x10 Src/DpAppl.o
 .debug_macro   0x0001a44f       0x35 Src/DpAppl.o
 .debug_macro   0x0001a484       0x22 Src/DpAppl.o
 .debug_macro   0x0001a4a6       0xa1 Src/DpAppl.o
 .debug_macro   0x0001a547      0x235 Src/DpAppl.o
 .debug_macro   0x0001a77c       0x6d Src/DpAppl.o
 .debug_macro   0x0001a7e9     0x152d Src/DpAppl.o
 .debug_macro   0x0001bd16       0x3e Src/DpAppl.o
 .debug_macro   0x0001bd54       0x3a Src/DpAppl.o
 .debug_macro   0x0001bd8e       0x1c Src/DpAppl.o
 .debug_macro   0x0001bdaa       0xa0 Src/DpAppl.o
 .debug_macro   0x0001be4a      0x16c Src/DpCfg.o
 .debug_macro   0x0001bfb6      0x192 Src/DpDiag.o
 .debug_macro   0x0001c148       0xa4 Src/DpPrm.o
 .debug_macro   0x0001c1ec      0x300 Src/ISKK.o
 .debug_macro   0x0001c4ec      0x2f4 Src/dma.o
 .debug_macro   0x0001c7e0      0x182 Src/dp_if.o
 .debug_macro   0x0001c962      0x156 Src/dp_isr.o
 .debug_macro   0x0001cab8      0x2fe Src/fsmc.o
 .debug_macro   0x0001cdb6      0x2f4 Src/gpio.o
 .debug_macro   0x0001d0aa      0x374 Src/main.o
 .debug_macro   0x0001d41e      0x2fe Src/spi.o
 .debug_macro   0x0001d71c      0x2ea Src/stm32f1xx_hal_msp.o
 .debug_macro   0x0001da06      0x306 Src/stm32f1xx_it.o
 .debug_macro   0x0001dd0c      0x2f0 Src/system_stm32f1xx.o
 .debug_macro   0x0001dffc      0x308 Src/usart.o

.debug_line     0x00000000     0xdfbe
 .debug_line    0x00000000      0x8b5 Drivers/STM32F1xx_HAL_Driver/Src/stm32f1xx_hal.o
 .debug_line    0x000008b5      0x8f1 Drivers/STM32F1xx_HAL_Driver/Src/stm32f1xx_hal_cortex.o
 .debug_line    0x000011a6      0xfdd Drivers/STM32F1xx_HAL_Driver/Src/stm32f1xx_hal_dma.o
 .debug_line    0x00002183      0x8ef Drivers/STM32F1xx_HAL_Driver/Src/stm32f1xx_hal_gpio.o
 .debug_line    0x00002a72      0xc28 Drivers/STM32F1xx_HAL_Driver/Src/stm32f1xx_hal_rcc.o
 .debug_line    0x0000369a      0xfa3 Drivers/STM32F1xx_HAL_Driver/Src/stm32f1xx_hal_spi.o
 .debug_line    0x0000463d      0x79a Drivers/STM32F1xx_HAL_Driver/Src/stm32f1xx_hal_spi_ex.o
 .debug_line    0x00004dd7      0xa36 Drivers/STM32F1xx_HAL_Driver/Src/stm32f1xx_hal_sram.o
 .debug_line    0x0000580d      0xdac Drivers/STM32F1xx_HAL_Driver/Src/stm32f1xx_hal_uart.o
 .debug_line    0x000065b9      0xaa8 Drivers/STM32F1xx_HAL_Driver/Src/stm32f1xx_ll_fsmc.o
 .debug_line    0x00007061      0x99f Src/DpAppl.o
 .debug_line    0x00007a00      0x43b Src/DpCfg.o
 .debug_line    0x00007e3b      0x49e Src/DpDiag.o
 .debug_line    0x000082d9      0x375 Src/DpPrm.o
 .debug_line    0x0000864e      0x7b6 Src/ISKK.o
 .debug_line    0x00008e04      0x748 Src/dma.o
 .debug_line    0x0000954c      0x77d Src/dp_if.o
 .debug_line    0x00009cc9      0x407 Src/dp_isr.o
 .debug_line    0x0000a0d0      0x7ce Src/fsmc.o
 .debug_line    0x0000a89e      0x76c Src/gpio.o
 .debug_line    0x0000b00a      0x8c8 Src/main.o
 .debug_line    0x0000b8d2      0x78e Src/spi.o
 .debug_line    0x0000c060      0x752 Src/stm32f1xx_hal_msp.o
 .debug_line    0x0000c7b2      0x867 Src/stm32f1xx_it.o
 .debug_line    0x0000d019      0x779 Src/system_stm32f1xx.o
 .debug_line    0x0000d792      0x7af Src/usart.o
 .debug_line    0x0000df41       0x7d startup/startup_stm32f103xe.o

.debug_str      0x00000000    0xa18d1
 .debug_str     0x00000000    0x92de3 Drivers/STM32F1xx_HAL_Driver/Src/stm32f1xx_hal.o
                              0x933a1 (size before relaxing)
 .debug_str     0x00092de3      0x2cf Drivers/STM32F1xx_HAL_Driver/Src/stm32f1xx_hal_cortex.o
                              0x9339f (size before relaxing)
 .debug_str     0x000930b2      0x2d6 Drivers/STM32F1xx_HAL_Driver/Src/stm32f1xx_hal_dma.o
                              0x92f29 (size before relaxing)
 .debug_str     0x00093388      0x45b Drivers/STM32F1xx_HAL_Driver/Src/stm32f1xx_hal_gpio.o
                              0x930a0 (size before relaxing)
 .debug_str     0x000937e3      0x3e2 Drivers/STM32F1xx_HAL_Driver/Src/stm32f1xx_hal_rcc.o
                              0x9310b (size before relaxing)
 .debug_str     0x00093bc5      0x54f Drivers/STM32F1xx_HAL_Driver/Src/stm32f1xx_hal_spi.o
                              0x9337f (size before relaxing)
 .debug_str     0x00094114       0x54 Drivers/STM32F1xx_HAL_Driver/Src/stm32f1xx_hal_spi_ex.o
                              0x93004 (size before relaxing)
 .debug_str     0x00094168      0x474 Drivers/STM32F1xx_HAL_Driver/Src/stm32f1xx_hal_sram.o
                              0x93275 (size before relaxing)
 .debug_str     0x000945dc      0x4c6 Drivers/STM32F1xx_HAL_Driver/Src/stm32f1xx_hal_uart.o
                              0x9338e (size before relaxing)
 .debug_str     0x00094aa2      0x729 Drivers/STM32F1xx_HAL_Driver/Src/stm32f1xx_ll_fsmc.o
                              0x935b6 (size before relaxing)
 .debug_str     0x000951cb     0xb9db Src/DpAppl.o
                              0x9e98a (size before relaxing)
 .debug_str     0x000a0ba6      0x116 Src/DpCfg.o
                              0x107a9 (size before relaxing)
 .debug_str     0x000a0cbc      0x31a Src/DpDiag.o
                              0x10e49 (size before relaxing)
 .debug_str     0x000a0fd6       0xd4 Src/DpPrm.o
                               0xe637 (size before relaxing)
 .debug_str     0x000a10aa       0x22 Src/ISKK.o
                              0x92feb (size before relaxing)
 .debug_str     0x000a10cc       0x22 Src/dma.o
                              0x92fd8 (size before relaxing)
 .debug_str     0x000a10ee      0x41c Src/dp_if.o
                              0x11505 (size before relaxing)
 .debug_str     0x000a150a       0x19 Src/dp_isr.o
                              0x1102c (size before relaxing)
 .debug_str     0x000a1523       0x9e Src/fsmc.o
                              0x93155 (size before relaxing)
 .debug_str     0x000a15c1       0x1b Src/gpio.o
                              0x93073 (size before relaxing)
 .debug_str     0x000a15dc       0xe5 Src/main.o
                              0x9e07b (size before relaxing)
 .debug_str     0x000a16c1       0x1d Src/spi.o
                              0x9347f (size before relaxing)
 .debug_str     0x000a16de       0x1b Src/stm32f1xx_hal_msp.o
                              0x93015 (size before relaxing)
 .debug_str     0x000a16f9      0x15d Src/stm32f1xx_it.o
                              0x93637 (size before relaxing)
 .debug_str     0x000a1856       0x61 Src/system_stm32f1xx.o
                              0x92cd1 (size before relaxing)
 .debug_str     0x000a18b7       0x1a Src/usart.o
                              0x93496 (size before relaxing)

.comment        0x00000000       0x6e
 .comment       0x00000000       0x6e Drivers/STM32F1xx_HAL_Driver/Src/stm32f1xx_hal.o
                                 0x6f (size before relaxing)
 .comment       0x0000006e       0x6f Drivers/STM32F1xx_HAL_Driver/Src/stm32f1xx_hal_cortex.o
 .comment       0x0000006e       0x6f Drivers/STM32F1xx_HAL_Driver/Src/stm32f1xx_hal_dma.o
 .comment       0x0000006e       0x6f Drivers/STM32F1xx_HAL_Driver/Src/stm32f1xx_hal_gpio.o
 .comment       0x0000006e       0x6f Drivers/STM32F1xx_HAL_Driver/Src/stm32f1xx_hal_rcc.o
 .comment       0x0000006e       0x6f Drivers/STM32F1xx_HAL_Driver/Src/stm32f1xx_hal_spi.o
 .comment       0x0000006e       0x6f Drivers/STM32F1xx_HAL_Driver/Src/stm32f1xx_hal_spi_ex.o
 .comment       0x0000006e       0x6f Drivers/STM32F1xx_HAL_Driver/Src/stm32f1xx_hal_sram.o
 .comment       0x0000006e       0x6f Drivers/STM32F1xx_HAL_Driver/Src/stm32f1xx_hal_uart.o
 .comment       0x0000006e       0x6f Drivers/STM32F1xx_HAL_Driver/Src/stm32f1xx_ll_fsmc.o
 .comment       0x0000006e       0x6f Src/DpAppl.o
 .comment       0x0000006e       0x6f Src/DpCfg.o
 .comment       0x0000006e       0x6f Src/DpDiag.o
 .comment       0x0000006e       0x6f Src/DpPrm.o
 .comment       0x0000006e       0x6f Src/ISKK.o
 .comment       0x0000006e       0x6f Src/dma.o
 .comment       0x0000006e       0x6f Src/dp_if.o
 .comment       0x0000006e       0x6f Src/dp_isr.o
 .comment       0x0000006e       0x6f Src/fsmc.o
 .comment       0x0000006e       0x6f Src/gpio.o
 .comment       0x0000006e       0x6f Src/main.o
 .comment       0x0000006e       0x6f Src/spi.o
 .comment       0x0000006e       0x6f Src/stm32f1xx_hal_msp.o
 .comment       0x0000006e       0x6f Src/stm32f1xx_it.o
 .comment       0x0000006e       0x6f Src/system_stm32f1xx.o
 .comment       0x0000006e       0x6f Src/usart.o

.debug_frame    0x00000000     0x1b8c
 .debug_frame   0x00000000      0x168 Drivers/STM32F1xx_HAL_Driver/Src/stm32f1xx_hal.o
 .debug_frame   0x00000168      0x124 Drivers/STM32F1xx_HAL_Driver/Src/stm32f1xx_hal_cortex.o
 .debug_frame   0x0000028c      0x10c Drivers/STM32F1xx_HAL_Driver/Src/stm32f1xx_hal_dma.o
 .debug_frame   0x00000398       0xc4 Drivers/STM32F1xx_HAL_Driver/Src/stm32f1xx_hal_gpio.o
 .debug_frame   0x0000045c      0x158 Drivers/STM32F1xx_HAL_Driver/Src/stm32f1xx_hal_rcc.o
 .debug_frame   0x000005b4      0x3e0 Drivers/STM32F1xx_HAL_Driver/Src/stm32f1xx_hal_spi.o
 .debug_frame   0x00000994       0x3c Drivers/STM32F1xx_HAL_Driver/Src/stm32f1xx_hal_spi_ex.o
 .debug_frame   0x000009d0      0x1b4 Drivers/STM32F1xx_HAL_Driver/Src/stm32f1xx_hal_sram.o
 .debug_frame   0x00000b84      0x378 Drivers/STM32F1xx_HAL_Driver/Src/stm32f1xx_hal_uart.o
 .debug_frame   0x00000efc      0x1f0 Drivers/STM32F1xx_HAL_Driver/Src/stm32f1xx_ll_fsmc.o
 .debug_frame   0x000010ec      0x14c Src/DpAppl.o
 .debug_frame   0x00001238       0x4c Src/DpCfg.o
 .debug_frame   0x00001284       0xf0 Src/DpDiag.o
 .debug_frame   0x00001374       0x4c Src/DpPrm.o
 .debug_frame   0x000013c0       0x38 Src/ISKK.o
 .debug_frame   0x000013f8       0x2c Src/dma.o
 .debug_frame   0x00001424      0x258 Src/dp_if.o
 .debug_frame   0x0000167c       0x30 Src/dp_isr.o
 .debug_frame   0x000016ac       0x9c Src/fsmc.o
 .debug_frame   0x00001748       0x38 Src/gpio.o
 .debug_frame   0x00001780      0x10c Src/main.o
 .debug_frame   0x0000188c       0x68 Src/spi.o
 .debug_frame   0x000018f4       0x2c Src/stm32f1xx_hal_msp.o
 .debug_frame   0x00001920      0x158 Src/stm32f1xx_it.o
 .debug_frame   0x00001a78       0x30 Src/system_stm32f1xx.o
 .debug_frame   0x00001aa8       0x70 Src/usart.o
 .debug_frame   0x00001b18       0x2c c:/ac6/systemworkbench/plugins/fr.ac6.mcu.externaltools.arm-none.win32_1.13.3.201707031232/tools/compiler/bin/../lib/gcc/arm-none-eabi/5.4.1/../../../../arm-none-eabi/lib/armv7-m\libc_nano.a(lib_a-init.o)
 .debug_frame   0x00001b44       0x28 c:/ac6/systemworkbench/plugins/fr.ac6.mcu.externaltools.arm-none.win32_1.13.3.201707031232/tools/compiler/bin/../lib/gcc/arm-none-eabi/5.4.1/../../../../arm-none-eabi/lib/armv7-m\libc_nano.a(lib_a-memcpy-stub.o)
 .debug_frame   0x00001b6c       0x20 c:/ac6/systemworkbench/plugins/fr.ac6.mcu.externaltools.arm-none.win32_1.13.3.201707031232/tools/compiler/bin/../lib/gcc/arm-none-eabi/5.4.1/../../../../arm-none-eabi/lib/armv7-m\libc_nano.a(lib_a-memset.o)
